// Jest Snapshot v1, https://goo.gl/fbAQLP

exports[`App snapshot should check snapshot 1`] = `
<div
  className="apploading-box"
>
  <div
    className="loader"
  />
</div>
`;
